// Jest Snapshot v1, https://goo.gl/fbAQLP

exports[`plugin in a stock JBrowse 1`] = `
Object {
  "bigBedLocation": Object {
    "base": "http://localhost/path/to/my.bb",
    "uri": "/path/to/my.bb",
  },
  "configId": Any<String>,
  "type": "BigBedAdapter",
}
`;
