// Jest Snapshot v1, https://goo.gl/fbAQLP

exports[`jbrowse-web app renders an empty model without crashing 1`] = `
Object {
  "activeDrawerWidgets": Object {},
  "configuration": Object {
    "configId": Any<String>,
  },
  "connections": Object {},
  "drawerWidgets": Object {},
  "drawerWidth": 384,
  "menuBars": Array [
    Object {
      "id": Any<String>,
    },
  ],
  "name": Any<String>,
  "views": Array [],
  "width": 512,
}
`;
