// Jest Snapshot v1, https://goo.gl/fbAQLP

exports[`open up a drawer widget 1`] = `
<div
  class="MuiPaper-root makeStyles-paperRoot MuiPaper-elevation1 MuiPaper-rounded"
>
  <div
    class="MuiPaper-root MuiExpansionPanel-root MuiExpansionPanel-expanded MuiExpansionPanel-rounded MuiPaper-elevation1 MuiPaper-rounded"
    style="margin-top: 4px;"
  >
    <div
      aria-disabled="false"
      aria-expanded="true"
      class="MuiButtonBase-root MuiExpansionPanelSummary-root MuiExpansionPanelSummary-expanded"
      role="button"
      tabindex="0"
    >
      <div
        class="MuiExpansionPanelSummary-content MuiExpansionPanelSummary-expanded"
      >
        <span
          class="MuiTypography-root MuiTypography-button"
        >
           
          Primary data
        </span>
      </div>
      <div
        aria-disabled="false"
        aria-hidden="true"
        class="MuiButtonBase-root MuiIconButton-root MuiExpansionPanelSummary-expandIcon MuiExpansionPanelSummary-expanded MuiIconButton-edgeEnd"
      >
        <span
          class="MuiIconButton-label"
        >
          <svg
            aria-hidden="true"
            class="MuiSvgIcon-root makeStyles-expandIcon"
            focusable="false"
            viewBox="0 0 24 24"
          >
            <path
              d="M16.59 8.59L12 13.17 7.41 8.59 6 10l6 6 6-6z"
            />
          </svg>
        </span>
        <span
          class="MuiTouchRipple-root"
        />
      </div>
    </div>
    <div
      class="MuiCollapse-container MuiCollapse-entered"
      style="min-height: 0px;"
    >
      <div
        class="MuiCollapse-wrapper"
      >
        <div
          class="MuiCollapse-wrapperInner"
        >
          <div
            role="region"
          >
            <div
              class="MuiExpansionPanelDetails-root makeStyles-expansionPanelDetails"
            >
              <div
                style="display: flex;"
              >
                <p
                  class="MuiTypography-root makeStyles-fieldName MuiTypography-body2"
                >
                  Position
                </p>
                <p
                  class="MuiTypography-root makeStyles-fieldValue MuiTypography-body1"
                >
                  ctgA:3..102 (+)
                </p>
              </div>
              <div
                style="display: flex;"
              >
                <p
                  class="MuiTypography-root makeStyles-fieldName MuiTypography-body2"
                >
                  Length
                </p>
                <p
                  class="MuiTypography-root makeStyles-fieldValue MuiTypography-body1"
                >
                  100
                </p>
              </div>
            </div>
          </div>
        </div>
      </div>
    </div>
  </div>
  <hr
    class="MuiDivider-root"
  />
  <div
    class="MuiPaper-root MuiExpansionPanel-root MuiExpansionPanel-expanded MuiExpansionPanel-rounded MuiPaper-elevation1 MuiPaper-rounded"
    style="margin-top: 4px;"
  >
    <div
      aria-disabled="false"
      aria-expanded="true"
      class="MuiButtonBase-root MuiExpansionPanelSummary-root MuiExpansionPanelSummary-expanded"
      role="button"
      tabindex="0"
    >
      <div
        class="MuiExpansionPanelSummary-content MuiExpansionPanelSummary-expanded"
      >
        <span
          class="MuiTypography-root MuiTypography-button"
        >
           
          Attributes
        </span>
      </div>
      <div
        aria-disabled="false"
        aria-hidden="true"
        class="MuiButtonBase-root MuiIconButton-root MuiExpansionPanelSummary-expandIcon MuiExpansionPanelSummary-expanded MuiIconButton-edgeEnd"
      >
        <span
          class="MuiIconButton-label"
        >
          <svg
            aria-hidden="true"
            class="MuiSvgIcon-root makeStyles-expandIcon"
            focusable="false"
            viewBox="0 0 24 24"
          >
            <path
              d="M16.59 8.59L12 13.17 7.41 8.59 6 10l6 6 6-6z"
            />
          </svg>
        </span>
        <span
          class="MuiTouchRipple-root"
        />
      </div>
    </div>
    <div
      class="MuiCollapse-container MuiCollapse-entered"
      style="min-height: 0px;"
    >
      <div
        class="MuiCollapse-wrapper"
      >
        <div
          class="MuiCollapse-wrapperInner"
        >
          <div
            role="region"
          >
            <div
              class="MuiExpansionPanelDetails-root makeStyles-expansionPanelDetails"
            >
              <div
                style="display: flex;"
              >
                <p
                  class="MuiTypography-root makeStyles-fieldName MuiTypography-body2"
                >
                  score
                </p>
                <p
                  class="MuiTypography-root makeStyles-fieldValue MuiTypography-body1"
                >
                  37
                </p>
              </div>
            </div>
          </div>
        </div>
      </div>
    </div>
  </div>
</div>
`;
