// Jest Snapshot v1, https://goo.gl/fbAQLP

exports[`several features 1`] = `
Object {
  "featureList": Array [
    Object {
      "info": Array [
        Object {
          "base": "reference",
          "score": 1,
          "strands": Object {
            "unstranded": 1,
          },
        },
        Object {
          "base": "total",
          "score": 1,
        },
      ],
      "position": 1,
    },
    Object {
      "info": Array [
        Object {
          "base": "reference",
          "score": 1,
          "strands": Object {
            "unstranded": 1,
          },
        },
        Object {
          "base": "total",
          "score": 1,
        },
      ],
      "position": 2,
    },
    Object {
      "info": Array [
        Object {
          "base": "reference",
          "score": 1,
          "strands": Object {
            "unstranded": 1,
          },
        },
        Object {
          "base": "total",
          "score": 1,
        },
      ],
      "position": 3,
    },
    Object {
      "info": Array [
        Object {
          "base": "reference",
          "score": 1,
          "strands": Object {
            "unstranded": 1,
          },
        },
        Object {
          "base": "total",
          "score": 1,
        },
      ],
      "position": 4,
    },
    Object {
      "info": Array [
        Object {
          "base": "reference",
          "score": 1,
          "strands": Object {
            "unstranded": 1,
          },
        },
        Object {
          "base": "total",
          "score": 1,
        },
      ],
      "position": 5,
    },
    Object {
      "info": Array [
        Object {
          "base": "reference",
          "score": 1,
          "strands": Object {
            "unstranded": 1,
          },
        },
        Object {
          "base": "total",
          "score": 1,
        },
      ],
      "position": 6,
    },
    Object {
      "info": Array [
        Object {
          "base": "reference",
          "score": 1,
          "strands": Object {
            "unstranded": 1,
          },
        },
        Object {
          "base": "total",
          "score": 1,
        },
      ],
      "position": 7,
    },
    Object {
      "info": Array [
        Object {
          "base": "reference",
          "score": 1,
          "strands": Object {
            "unstranded": 1,
          },
        },
        Object {
          "base": "total",
          "score": 1,
        },
      ],
      "position": 8,
    },
    Object {
      "info": Array [
        Object {
          "base": "reference",
          "score": 1,
          "strands": Object {
            "unstranded": 1,
          },
        },
        Object {
          "base": "total",
          "score": 1,
        },
      ],
      "position": 9,
    },
    Object {
      "info": Array [
        Object {
          "base": "reference",
          "score": 1,
          "strands": Object {
            "unstranded": 1,
          },
        },
        Object {
          "base": "total",
          "score": 1,
        },
      ],
      "position": 10,
    },
    Object {
      "info": Array [
        Object {
          "base": "reference",
          "score": 1,
          "strands": Object {
            "unstranded": 1,
          },
        },
        Object {
          "base": "total",
          "score": 1,
        },
      ],
      "position": 11,
    },
    Object {
      "info": Array [
        Object {
          "base": "reference",
          "score": 1,
          "strands": Object {
            "unstranded": 1,
          },
        },
        Object {
          "base": "total",
          "score": 1,
        },
      ],
      "position": 12,
    },
    Object {
      "info": Array [
        Object {
          "base": "reference",
          "score": 1,
          "strands": Object {
            "unstranded": 1,
          },
        },
        Object {
          "base": "total",
          "score": 1,
        },
      ],
      "position": 13,
    },
    Object {
      "info": Array [
        Object {
          "base": "reference",
          "score": 1,
          "strands": Object {
            "unstranded": 1,
          },
        },
        Object {
          "base": "total",
          "score": 1,
        },
      ],
      "position": 14,
    },
    Object {
      "info": Array [
        Object {
          "base": "reference",
          "score": 1,
          "strands": Object {
            "unstranded": 1,
          },
        },
        Object {
          "base": "total",
          "score": 1,
        },
      ],
      "position": 15,
    },
    Object {
      "info": Array [
        Object {
          "base": "reference",
          "score": 1,
          "strands": Object {
            "unstranded": 1,
          },
        },
        Object {
          "base": "total",
          "score": 1,
        },
      ],
      "position": 16,
    },
    Object {
      "info": Array [
        Object {
          "base": "reference",
          "score": 1,
          "strands": Object {
            "unstranded": 1,
          },
        },
        Object {
          "base": "total",
          "score": 1,
        },
      ],
      "position": 17,
    },
    Object {
      "info": Array [
        Object {
          "base": "reference",
          "score": 1,
          "strands": Object {
            "unstranded": 1,
          },
        },
        Object {
          "base": "total",
          "score": 1,
        },
      ],
      "position": 18,
    },
    Object {
      "info": Array [
        Object {
          "base": "reference",
          "score": 1,
          "strands": Object {
            "unstranded": 1,
          },
        },
        Object {
          "base": "total",
          "score": 1,
        },
      ],
      "position": 19,
    },
    Object {
      "info": Array [
        Object {
          "base": "reference",
          "score": 1,
          "strands": Object {
            "unstranded": 1,
          },
        },
        Object {
          "base": "total",
          "score": 1,
        },
      ],
      "position": 20,
    },
    Object {
      "info": Array [
        Object {
          "base": "reference",
          "score": 1,
          "strands": Object {
            "unstranded": 1,
          },
        },
        Object {
          "base": "total",
          "score": 1,
        },
      ],
      "position": 21,
    },
    Object {
      "info": Array [
        Object {
          "base": "reference",
          "score": 1,
          "strands": Object {
            "unstranded": 1,
          },
        },
        Object {
          "base": "total",
          "score": 1,
        },
      ],
      "position": 22,
    },
    Object {
      "info": Array [
        Object {
          "base": "reference",
          "score": 1,
          "strands": Object {
            "unstranded": 1,
          },
        },
        Object {
          "base": "total",
          "score": 1,
        },
      ],
      "position": 23,
    },
    Object {
      "info": Array [
        Object {
          "base": "reference",
          "score": 1,
          "strands": Object {
            "unstranded": 1,
          },
        },
        Object {
          "base": "total",
          "score": 1,
        },
      ],
      "position": 24,
    },
    Object {
      "info": Array [
        Object {
          "base": "reference",
          "score": 1,
          "strands": Object {
            "unstranded": 1,
          },
        },
        Object {
          "base": "total",
          "score": 1,
        },
      ],
      "position": 25,
    },
    Object {
      "info": Array [
        Object {
          "base": "reference",
          "score": 1,
          "strands": Object {
            "unstranded": 1,
          },
        },
        Object {
          "base": "total",
          "score": 1,
        },
      ],
      "position": 26,
    },
    Object {
      "info": Array [
        Object {
          "base": "reference",
          "score": 1,
          "strands": Object {
            "unstranded": 1,
          },
        },
        Object {
          "base": "total",
          "score": 1,
        },
      ],
      "position": 27,
    },
    Object {
      "info": Array [
        Object {
          "base": "reference",
          "score": 1,
          "strands": Object {
            "unstranded": 1,
          },
        },
        Object {
          "base": "total",
          "score": 1,
        },
      ],
      "position": 28,
    },
    Object {
      "info": Array [
        Object {
          "base": "reference",
          "score": 1,
          "strands": Object {
            "unstranded": 1,
          },
        },
        Object {
          "base": "total",
          "score": 1,
        },
      ],
      "position": 29,
    },
    Object {
      "info": Array [
        Object {
          "base": "reference",
          "score": 1,
          "strands": Object {
            "unstranded": 1,
          },
        },
        Object {
          "base": "total",
          "score": 1,
        },
      ],
      "position": 30,
    },
    Object {
      "info": Array [
        Object {
          "base": "reference",
          "score": 1,
          "strands": Object {
            "unstranded": 1,
          },
        },
        Object {
          "base": "total",
          "score": 1,
        },
      ],
      "position": 31,
    },
    Object {
      "info": Array [
        Object {
          "base": "reference",
          "score": 1,
          "strands": Object {
            "unstranded": 1,
          },
        },
        Object {
          "base": "total",
          "score": 1,
        },
      ],
      "position": 32,
    },
    Object {
      "info": Array [
        Object {
          "base": "reference",
          "score": 1,
          "strands": Object {
            "unstranded": 1,
          },
        },
        Object {
          "base": "total",
          "score": 1,
        },
      ],
      "position": 33,
    },
    Object {
      "info": Array [
        Object {
          "base": "reference",
          "score": 1,
          "strands": Object {
            "unstranded": 1,
          },
        },
        Object {
          "base": "total",
          "score": 1,
        },
      ],
      "position": 34,
    },
    Object {
      "info": Array [
        Object {
          "base": "reference",
          "score": 1,
          "strands": Object {
            "unstranded": 1,
          },
        },
        Object {
          "base": "total",
          "score": 1,
        },
      ],
      "position": 35,
    },
    Object {
      "info": Array [
        Object {
          "base": "reference",
          "score": 1,
          "strands": Object {
            "unstranded": 1,
          },
        },
        Object {
          "base": "total",
          "score": 1,
        },
      ],
      "position": 36,
    },
    Object {
      "info": Array [
        Object {
          "base": "reference",
          "score": 1,
          "strands": Object {
            "unstranded": 1,
          },
        },
        Object {
          "base": "total",
          "score": 1,
        },
      ],
      "position": 37,
    },
    Object {
      "info": Array [
        Object {
          "base": "reference",
          "score": 1,
          "strands": Object {
            "unstranded": 1,
          },
        },
        Object {
          "base": "total",
          "score": 1,
        },
      ],
      "position": 38,
    },
    Object {
      "info": Array [
        Object {
          "base": "reference",
          "score": 1,
          "strands": Object {
            "unstranded": 1,
          },
        },
        Object {
          "base": "total",
          "score": 1,
        },
      ],
      "position": 39,
    },
    Object {
      "info": Array [
        Object {
          "base": "reference",
          "score": 1,
          "strands": Object {
            "unstranded": 1,
          },
        },
        Object {
          "base": "total",
          "score": 1,
        },
      ],
      "position": 40,
    },
    Object {
      "info": Array [
        Object {
          "base": "reference",
          "score": 1,
          "strands": Object {
            "unstranded": 1,
          },
        },
        Object {
          "base": "total",
          "score": 1,
        },
      ],
      "position": 41,
    },
    Object {
      "info": Array [
        Object {
          "base": "reference",
          "score": 1,
          "strands": Object {
            "unstranded": 1,
          },
        },
        Object {
          "base": "total",
          "score": 1,
        },
      ],
      "position": 42,
    },
    Object {
      "info": Array [
        Object {
          "base": "reference",
          "score": 1,
          "strands": Object {
            "unstranded": 1,
          },
        },
        Object {
          "base": "total",
          "score": 1,
        },
      ],
      "position": 43,
    },
    Object {
      "info": Array [
        Object {
          "base": "reference",
          "score": 1,
          "strands": Object {
            "unstranded": 1,
          },
        },
        Object {
          "base": "total",
          "score": 1,
        },
      ],
      "position": 44,
    },
    Object {
      "info": Array [
        Object {
          "base": "reference",
          "score": 1,
          "strands": Object {
            "unstranded": 1,
          },
        },
        Object {
          "base": "total",
          "score": 1,
        },
      ],
      "position": 45,
    },
    Object {
      "info": Array [
        Object {
          "base": "reference",
          "score": 1,
          "strands": Object {
            "unstranded": 1,
          },
        },
        Object {
          "base": "total",
          "score": 1,
        },
      ],
      "position": 46,
    },
    Object {
      "info": Array [
        Object {
          "base": "reference",
          "score": 1,
          "strands": Object {
            "unstranded": 1,
          },
        },
        Object {
          "base": "total",
          "score": 1,
        },
      ],
      "position": 47,
    },
    Object {
      "info": Array [
        Object {
          "base": "reference",
          "score": 1,
          "strands": Object {
            "unstranded": 1,
          },
        },
        Object {
          "base": "total",
          "score": 1,
        },
      ],
      "position": 48,
    },
    Object {
      "info": Array [
        Object {
          "base": "reference",
          "score": 1,
          "strands": Object {
            "unstranded": 1,
          },
        },
        Object {
          "base": "total",
          "score": 1,
        },
      ],
      "position": 49,
    },
    Object {
      "info": Array [
        Object {
          "base": "reference",
          "score": 1,
          "strands": Object {
            "unstranded": 1,
          },
        },
        Object {
          "base": "total",
          "score": 1,
        },
      ],
      "position": 50,
    },
    Object {
      "info": Array [
        Object {
          "base": "reference",
          "score": 1,
          "strands": Object {
            "unstranded": 1,
          },
        },
        Object {
          "base": "total",
          "score": 1,
        },
      ],
      "position": 51,
    },
    Object {
      "info": Array [
        Object {
          "base": "reference",
          "score": 1,
          "strands": Object {
            "unstranded": 1,
          },
        },
        Object {
          "base": "total",
          "score": 1,
        },
      ],
      "position": 52,
    },
    Object {
      "info": Array [
        Object {
          "base": "reference",
          "score": 1,
          "strands": Object {
            "unstranded": 1,
          },
        },
        Object {
          "base": "total",
          "score": 1,
        },
      ],
      "position": 53,
    },
    Object {
      "info": Array [
        Object {
          "base": "reference",
          "score": 1,
          "strands": Object {
            "unstranded": 1,
          },
        },
        Object {
          "base": "total",
          "score": 1,
        },
      ],
      "position": 54,
    },
    Object {
      "info": Array [
        Object {
          "base": "reference",
          "score": 1,
          "strands": Object {
            "unstranded": 1,
          },
        },
        Object {
          "base": "total",
          "score": 1,
        },
      ],
      "position": 55,
    },
    Object {
      "info": Array [
        Object {
          "base": "reference",
          "score": 1,
          "strands": Object {
            "unstranded": 1,
          },
        },
        Object {
          "base": "total",
          "score": 1,
        },
      ],
      "position": 56,
    },
    Object {
      "info": Array [
        Object {
          "base": "reference",
          "score": 1,
          "strands": Object {
            "unstranded": 1,
          },
        },
        Object {
          "base": "total",
          "score": 1,
        },
      ],
      "position": 57,
    },
    Object {
      "info": Array [
        Object {
          "base": "reference",
          "score": 1,
          "strands": Object {
            "unstranded": 1,
          },
        },
        Object {
          "base": "total",
          "score": 1,
        },
      ],
      "position": 58,
    },
    Object {
      "info": Array [
        Object {
          "base": "reference",
          "score": 1,
          "strands": Object {
            "unstranded": 1,
          },
        },
        Object {
          "base": "total",
          "score": 1,
        },
      ],
      "position": 59,
    },
    Object {
      "info": Array [
        Object {
          "base": "reference",
          "score": 1,
          "strands": Object {
            "unstranded": 1,
          },
        },
        Object {
          "base": "total",
          "score": 1,
        },
      ],
      "position": 60,
    },
    Object {
      "info": Array [
        Object {
          "base": "reference",
          "score": 1,
          "strands": Object {
            "unstranded": 1,
          },
        },
        Object {
          "base": "total",
          "score": 1,
        },
      ],
      "position": 61,
    },
    Object {
      "info": Array [
        Object {
          "base": "reference",
          "score": 1,
          "strands": Object {
            "unstranded": 1,
          },
        },
        Object {
          "base": "total",
          "score": 1,
        },
      ],
      "position": 62,
    },
    Object {
      "info": Array [
        Object {
          "base": "reference",
          "score": 1,
          "strands": Object {
            "unstranded": 1,
          },
        },
        Object {
          "base": "total",
          "score": 1,
        },
      ],
      "position": 63,
    },
    Object {
      "info": Array [
        Object {
          "base": "reference",
          "score": 1,
          "strands": Object {
            "unstranded": 1,
          },
        },
        Object {
          "base": "total",
          "score": 1,
        },
      ],
      "position": 64,
    },
    Object {
      "info": Array [
        Object {
          "base": "reference",
          "score": 1,
          "strands": Object {
            "unstranded": 1,
          },
        },
        Object {
          "base": "total",
          "score": 1,
        },
      ],
      "position": 65,
    },
    Object {
      "info": Array [
        Object {
          "base": "reference",
          "score": 1,
          "strands": Object {
            "unstranded": 1,
          },
        },
        Object {
          "base": "total",
          "score": 1,
        },
      ],
      "position": 66,
    },
    Object {
      "info": Array [
        Object {
          "base": "reference",
          "score": 1,
          "strands": Object {
            "unstranded": 1,
          },
        },
        Object {
          "base": "total",
          "score": 1,
        },
      ],
      "position": 67,
    },
    Object {
      "info": Array [
        Object {
          "base": "reference",
          "score": 1,
          "strands": Object {
            "unstranded": 1,
          },
        },
        Object {
          "base": "total",
          "score": 1,
        },
      ],
      "position": 68,
    },
    Object {
      "info": Array [
        Object {
          "base": "reference",
          "score": 1,
          "strands": Object {
            "unstranded": 1,
          },
        },
        Object {
          "base": "total",
          "score": 1,
        },
      ],
      "position": 69,
    },
    Object {
      "info": Array [
        Object {
          "base": "reference",
          "score": 1,
          "strands": Object {
            "unstranded": 1,
          },
        },
        Object {
          "base": "total",
          "score": 1,
        },
      ],
      "position": 70,
    },
    Object {
      "info": Array [
        Object {
          "base": "reference",
          "score": 1,
          "strands": Object {
            "unstranded": 1,
          },
        },
        Object {
          "base": "total",
          "score": 1,
        },
      ],
      "position": 71,
    },
    Object {
      "info": Array [
        Object {
          "base": "reference",
          "score": 1,
          "strands": Object {
            "unstranded": 1,
          },
        },
        Object {
          "base": "total",
          "score": 1,
        },
      ],
      "position": 72,
    },
    Object {
      "info": Array [
        Object {
          "base": "reference",
          "score": 1,
          "strands": Object {
            "unstranded": 1,
          },
        },
        Object {
          "base": "total",
          "score": 1,
        },
      ],
      "position": 73,
    },
    Object {
      "info": Array [
        Object {
          "base": "reference",
          "score": 1,
          "strands": Object {
            "unstranded": 1,
          },
        },
        Object {
          "base": "total",
          "score": 1,
        },
      ],
      "position": 74,
    },
    Object {
      "info": Array [
        Object {
          "base": "reference",
          "score": 1,
          "strands": Object {
            "unstranded": 1,
          },
        },
        Object {
          "base": "total",
          "score": 1,
        },
      ],
      "position": 75,
    },
    Object {
      "info": Array [
        Object {
          "base": "reference",
          "score": 1,
          "strands": Object {
            "unstranded": 1,
          },
        },
        Object {
          "base": "total",
          "score": 1,
        },
      ],
      "position": 76,
    },
    Object {
      "info": Array [
        Object {
          "base": "reference",
          "score": 1,
          "strands": Object {
            "unstranded": 1,
          },
        },
        Object {
          "base": "total",
          "score": 1,
        },
      ],
      "position": 77,
    },
    Object {
      "info": Array [
        Object {
          "base": "reference",
          "score": 1,
          "strands": Object {
            "unstranded": 1,
          },
        },
        Object {
          "base": "total",
          "score": 1,
        },
      ],
      "position": 78,
    },
    Object {
      "info": Array [
        Object {
          "base": "reference",
          "score": 1,
          "strands": Object {
            "unstranded": 1,
          },
        },
        Object {
          "base": "total",
          "score": 1,
        },
      ],
      "position": 79,
    },
    Object {
      "info": Array [
        Object {
          "base": "reference",
          "score": 1,
          "strands": Object {
            "unstranded": 1,
          },
        },
        Object {
          "base": "total",
          "score": 1,
        },
      ],
      "position": 80,
    },
    Object {
      "info": Array [
        Object {
          "base": "reference",
          "score": 1,
          "strands": Object {
            "unstranded": 1,
          },
        },
        Object {
          "base": "total",
          "score": 1,
        },
      ],
      "position": 81,
    },
    Object {
      "info": Array [
        Object {
          "base": "reference",
          "score": 1,
          "strands": Object {
            "unstranded": 1,
          },
        },
        Object {
          "base": "total",
          "score": 1,
        },
      ],
      "position": 82,
    },
    Object {
      "info": Array [
        Object {
          "base": "reference",
          "score": 1,
          "strands": Object {
            "unstranded": 1,
          },
        },
        Object {
          "base": "total",
          "score": 1,
        },
      ],
      "position": 83,
    },
    Object {
      "info": Array [
        Object {
          "base": "reference",
          "score": 1,
          "strands": Object {
            "unstranded": 1,
          },
        },
        Object {
          "base": "total",
          "score": 1,
        },
      ],
      "position": 84,
    },
    Object {
      "info": Array [
        Object {
          "base": "reference",
          "score": 1,
          "strands": Object {
            "unstranded": 1,
          },
        },
        Object {
          "base": "total",
          "score": 1,
        },
      ],
      "position": 85,
    },
    Object {
      "info": Array [
        Object {
          "base": "reference",
          "score": 1,
          "strands": Object {
            "unstranded": 1,
          },
        },
        Object {
          "base": "total",
          "score": 1,
        },
      ],
      "position": 86,
    },
    Object {
      "info": Array [
        Object {
          "base": "reference",
          "score": 1,
          "strands": Object {
            "unstranded": 1,
          },
        },
        Object {
          "base": "total",
          "score": 1,
        },
      ],
      "position": 87,
    },
    Object {
      "info": Array [
        Object {
          "base": "reference",
          "score": 1,
          "strands": Object {
            "unstranded": 1,
          },
        },
        Object {
          "base": "total",
          "score": 1,
        },
      ],
      "position": 88,
    },
    Object {
      "info": Array [
        Object {
          "base": "reference",
          "score": 1,
          "strands": Object {
            "unstranded": 1,
          },
        },
        Object {
          "base": "total",
          "score": 1,
        },
      ],
      "position": 89,
    },
    Object {
      "info": Array [
        Object {
          "base": "reference",
          "score": 1,
          "strands": Object {
            "unstranded": 1,
          },
        },
        Object {
          "base": "total",
          "score": 1,
        },
      ],
      "position": 90,
    },
    Object {
      "info": Array [
        Object {
          "base": "reference",
          "score": 1,
          "strands": Object {
            "unstranded": 1,
          },
        },
        Object {
          "base": "total",
          "score": 1,
        },
      ],
      "position": 91,
    },
    Object {
      "info": Array [
        Object {
          "base": "reference",
          "score": 1,
          "strands": Object {
            "unstranded": 1,
          },
        },
        Object {
          "base": "total",
          "score": 1,
        },
      ],
      "position": 92,
    },
    Object {
      "info": Array [
        Object {
          "base": "reference",
          "score": 1,
          "strands": Object {
            "unstranded": 1,
          },
        },
        Object {
          "base": "total",
          "score": 1,
        },
      ],
      "position": 93,
    },
    Object {
      "info": Array [
        Object {
          "base": "reference",
          "score": 1,
          "strands": Object {
            "unstranded": 1,
          },
        },
        Object {
          "base": "total",
          "score": 1,
        },
      ],
      "position": 94,
    },
    Object {
      "info": Array [
        Object {
          "base": "reference",
          "score": 1,
          "strands": Object {
            "unstranded": 1,
          },
        },
        Object {
          "base": "total",
          "score": 1,
        },
      ],
      "position": 95,
    },
    Object {
      "info": Array [
        Object {
          "base": "reference",
          "score": 1,
          "strands": Object {
            "unstranded": 1,
          },
        },
        Object {
          "base": "total",
          "score": 1,
        },
      ],
      "position": 96,
    },
    Object {
      "info": Array [
        Object {
          "base": "reference",
          "score": 1,
          "strands": Object {
            "unstranded": 1,
          },
        },
        Object {
          "base": "total",
          "score": 1,
        },
      ],
      "position": 97,
    },
    Object {
      "info": Array [
        Object {
          "base": "reference",
          "score": 1,
          "strands": Object {
            "unstranded": 1,
          },
        },
        Object {
          "base": "total",
          "score": 1,
        },
      ],
      "position": 98,
    },
    Object {
      "info": Array [
        Object {
          "base": "reference",
          "score": 1,
          "strands": Object {
            "unstranded": 1,
          },
        },
        Object {
          "base": "total",
          "score": 1,
        },
      ],
      "position": 99,
    },
  ],
  "height": 100,
  "imageData": Any<Object>,
  "width": 33,
}
`;
