// Jest Snapshot v1, https://goo.gl/fbAQLP

exports[`open up a drawer widget 1`] = `
<div
  class="MuiPaper-root MuiPaper-elevation1 MuiPaper-rounded"
  data-testid="alignment-side-drawer"
>
  <div
    class="MuiPaper-root makeStyles-paperRoot MuiPaper-elevation1 MuiPaper-rounded"
  >
    <div
      class="MuiPaper-root MuiExpansionPanel-root MuiExpansionPanel-expanded MuiExpansionPanel-rounded MuiPaper-elevation1 MuiPaper-rounded"
      style="margin-top: 4px;"
    >
      <div
        aria-disabled="false"
        aria-expanded="true"
        class="MuiButtonBase-root MuiExpansionPanelSummary-root MuiExpansionPanelSummary-expanded"
        role="button"
        tabindex="0"
      >
        <div
          class="MuiExpansionPanelSummary-content MuiExpansionPanelSummary-expanded"
        >
          <span
            class="MuiTypography-root MuiTypography-button"
          >
             
            Primary data
          </span>
        </div>
        <div
          aria-disabled="false"
          aria-hidden="true"
          class="MuiButtonBase-root MuiIconButton-root MuiExpansionPanelSummary-expandIcon MuiExpansionPanelSummary-expanded MuiIconButton-edgeEnd"
        >
          <span
            class="MuiIconButton-label"
          >
            <svg
              aria-hidden="true"
              class="MuiSvgIcon-root makeStyles-expandIcon"
              focusable="false"
              viewBox="0 0 24 24"
            >
              <path
                d="M16.59 8.59L12 13.17 7.41 8.59 6 10l6 6 6-6z"
              />
            </svg>
          </span>
          <span
            class="MuiTouchRipple-root"
          />
        </div>
      </div>
      <div
        class="MuiCollapse-container MuiCollapse-entered"
        style="min-height: 0px;"
      >
        <div
          class="MuiCollapse-wrapper"
        >
          <div
            class="MuiCollapse-wrapperInner"
          >
            <div
              role="region"
            >
              <div
                class="MuiExpansionPanelDetails-root makeStyles-expansionPanelDetails"
              >
                <div
                  style="display: flex;"
                >
                  <p
                    class="MuiTypography-root makeStyles-fieldName MuiTypography-body2"
                  >
                    Position
                  </p>
                  <p
                    class="MuiTypography-root makeStyles-fieldValue MuiTypography-body1"
                  >
                    ctgA:3..102 (+)
                  </p>
                </div>
                <div
                  style="display: flex;"
                >
                  <p
                    class="MuiTypography-root makeStyles-fieldName MuiTypography-body2"
                  >
                    Name
                  </p>
                  <p
                    class="MuiTypography-root makeStyles-fieldValue MuiTypography-body1"
                  >
                    ctgA_3_555_0:0:0_2:0:0_102d
                  </p>
                </div>
                <div
                  style="display: flex;"
                >
                  <p
                    class="MuiTypography-root makeStyles-fieldName MuiTypography-body2"
                  >
                    Length
                  </p>
                  <p
                    class="MuiTypography-root makeStyles-fieldValue MuiTypography-body1"
                  >
                    100
                  </p>
                </div>
                <div
                  style="display: flex;"
                >
                  <p
                    class="MuiTypography-root makeStyles-fieldName MuiTypography-body2"
                  >
                    Type
                  </p>
                  <p
                    class="MuiTypography-root makeStyles-fieldValue MuiTypography-body1"
                  >
                    match
                  </p>
                </div>
              </div>
            </div>
          </div>
        </div>
      </div>
    </div>
    <hr
      class="MuiDivider-root"
    />
    <div
      class="MuiPaper-root MuiExpansionPanel-root MuiExpansionPanel-expanded MuiExpansionPanel-rounded MuiPaper-elevation1 MuiPaper-rounded"
      style="margin-top: 4px;"
    >
      <div
        aria-disabled="false"
        aria-expanded="true"
        class="MuiButtonBase-root MuiExpansionPanelSummary-root MuiExpansionPanelSummary-expanded"
        role="button"
        tabindex="0"
      >
        <div
          class="MuiExpansionPanelSummary-content MuiExpansionPanelSummary-expanded"
        >
          <span
            class="MuiTypography-root MuiTypography-button"
          >
             
            Attributes
          </span>
        </div>
        <div
          aria-disabled="false"
          aria-hidden="true"
          class="MuiButtonBase-root MuiIconButton-root MuiExpansionPanelSummary-expandIcon MuiExpansionPanelSummary-expanded MuiIconButton-edgeEnd"
        >
          <span
            class="MuiIconButton-label"
          >
            <svg
              aria-hidden="true"
              class="MuiSvgIcon-root makeStyles-expandIcon"
              focusable="false"
              viewBox="0 0 24 24"
            >
              <path
                d="M16.59 8.59L12 13.17 7.41 8.59 6 10l6 6 6-6z"
              />
            </svg>
          </span>
          <span
            class="MuiTouchRipple-root"
          />
        </div>
      </div>
      <div
        class="MuiCollapse-container MuiCollapse-entered"
        style="min-height: 0px;"
      >
        <div
          class="MuiCollapse-wrapper"
        >
          <div
            class="MuiCollapse-wrapperInner"
          >
            <div
              role="region"
            >
              <div
                class="MuiExpansionPanelDetails-root makeStyles-expansionPanelDetails"
              >
                <div
                  style="display: flex;"
                >
                  <p
                    class="MuiTypography-root makeStyles-fieldName MuiTypography-body2"
                  >
                    seq
                  </p>
                  <p
                    class="MuiTypography-root makeStyles-fieldValue MuiTypography-body1"
                  >
                    TTGTTGCGGAGTTGAACAACGGCATTAGGAACACTTCCGTCTCTCACTTTTATACGATTATGATTGGTTCTTTAGCCTTGGTTTAGATTGGTAGTAGTAG
                  </p>
                </div>
                <div
                  style="display: flex;"
                >
                  <p
                    class="MuiTypography-root makeStyles-fieldName MuiTypography-body2"
                  >
                    unmapped
                  </p>
                  <p
                    class="MuiTypography-root makeStyles-fieldValue MuiTypography-body1"
                  >
                    false
                  </p>
                </div>
                <div
                  style="display: flex;"
                >
                  <p
                    class="MuiTypography-root makeStyles-fieldName MuiTypography-body2"
                  >
                    qc_failed
                  </p>
                  <p
                    class="MuiTypography-root makeStyles-fieldValue MuiTypography-body1"
                  >
                    false
                  </p>
                </div>
                <div
                  style="display: flex;"
                >
                  <p
                    class="MuiTypography-root makeStyles-fieldName MuiTypography-body2"
                  >
                    duplicate
                  </p>
                  <p
                    class="MuiTypography-root makeStyles-fieldValue MuiTypography-body1"
                  >
                    false
                  </p>
                </div>
                <div
                  style="display: flex;"
                >
                  <p
                    class="MuiTypography-root makeStyles-fieldName MuiTypography-body2"
                  >
                    secondary_alignment
                  </p>
                  <p
                    class="MuiTypography-root makeStyles-fieldValue MuiTypography-body1"
                  >
                    false
                  </p>
                </div>
                <div
                  style="display: flex;"
                >
                  <p
                    class="MuiTypography-root makeStyles-fieldName MuiTypography-body2"
                  >
                    supplementary_alignment
                  </p>
                  <p
                    class="MuiTypography-root makeStyles-fieldValue MuiTypography-body1"
                  >
                    false
                  </p>
                </div>
                <div
                  style="display: flex;"
                >
                  <p
                    class="MuiTypography-root makeStyles-fieldName MuiTypography-body2"
                  >
                    score
                  </p>
                  <p
                    class="MuiTypography-root makeStyles-fieldValue MuiTypography-body1"
                  >
                    37
                  </p>
                </div>
                <div
                  style="display: flex;"
                >
                  <p
                    class="MuiTypography-root makeStyles-fieldName MuiTypography-body2"
                  >
                    qual
                  </p>
                  <p
                    class="MuiTypography-root makeStyles-fieldValue MuiTypography-body1"
                  >
                    17 17 17 17 17 17 17 17 17 17 17 17 17 17 17 17 17 17 17 17 17 17 17 17 17 17 17 17 17 17 17 17 17 17 17 17 17 17 17 17 17 17 17 17 17 17 17 17 17 17 17 17 17 17 17 17 17 17 17 17 17 17 17 17 17 17 17 17 17 17 17 17 17 17 17 17 17 17 17 17 17 17 17 17 17 17 17 17 17 17 17 17 17 17 17 17 17 17 17 17
                  </p>
                </div>
                <div
                  style="display: flex;"
                >
                  <p
                    class="MuiTypography-root makeStyles-fieldName MuiTypography-body2"
                  >
                    MQ
                  </p>
                  <p
                    class="MuiTypography-root makeStyles-fieldValue MuiTypography-body1"
                  >
                    37
                  </p>
                </div>
                <div
                  style="display: flex;"
                >
                  <p
                    class="MuiTypography-root makeStyles-fieldName MuiTypography-body2"
                  >
                    CIGAR
                  </p>
                  <p
                    class="MuiTypography-root makeStyles-fieldValue MuiTypography-body1"
                  >
                    100M
                  </p>
                </div>
                <div
                  style="display: flex;"
                >
                  <p
                    class="MuiTypography-root makeStyles-fieldName MuiTypography-body2"
                  >
                    length_on_ref
                  </p>
                  <p
                    class="MuiTypography-root makeStyles-fieldValue MuiTypography-body1"
                  >
                    100
                  </p>
                </div>
                <div
                  style="display: flex;"
                >
                  <p
                    class="MuiTypography-root makeStyles-fieldName MuiTypography-body2"
                  >
                    template_length
                  </p>
                  <p
                    class="MuiTypography-root makeStyles-fieldValue MuiTypography-body1"
                  >
                    0
                  </p>
                </div>
                <div
                  style="display: flex;"
                >
                  <p
                    class="MuiTypography-root makeStyles-fieldName MuiTypography-body2"
                  >
                    seq_length
                  </p>
                  <p
                    class="MuiTypography-root makeStyles-fieldValue MuiTypography-body1"
                  >
                    100
                  </p>
                </div>
              </div>
            </div>
          </div>
        </div>
      </div>
    </div>
  </div>
  <div
    class="MuiPaper-root MuiExpansionPanel-root MuiExpansionPanel-expanded MuiExpansionPanel-rounded MuiPaper-elevation1 MuiPaper-rounded"
    style="margin-top: 4px;"
  >
    <div
      aria-disabled="false"
      aria-expanded="true"
      class="MuiButtonBase-root MuiExpansionPanelSummary-root MuiExpansionPanelSummary-expanded"
      role="button"
      tabindex="0"
    >
      <div
        class="MuiExpansionPanelSummary-content MuiExpansionPanelSummary-expanded"
      >
        <span
          class="MuiTypography-root MuiTypography-button"
        >
           
          Flags
        </span>
      </div>
      <div
        aria-disabled="false"
        aria-hidden="true"
        class="MuiButtonBase-root MuiIconButton-root MuiExpansionPanelSummary-expandIcon MuiExpansionPanelSummary-expanded MuiIconButton-edgeEnd"
      >
        <span
          class="MuiIconButton-label"
        >
          <svg
            aria-hidden="true"
            class="MuiSvgIcon-root makeStyles-expandIcon"
            focusable="false"
            viewBox="0 0 24 24"
          >
            <path
              d="M16.59 8.59L12 13.17 7.41 8.59 6 10l6 6 6-6z"
            />
          </svg>
        </span>
        <span
          class="MuiTouchRipple-root"
        />
      </div>
    </div>
    <div
      class="MuiCollapse-container MuiCollapse-entered"
      style="min-height: 0px;"
    >
      <div
        class="MuiCollapse-wrapper"
      >
        <div
          class="MuiCollapse-wrapperInner"
        >
          <div
            role="region"
          >
            <div
              class="MuiExpansionPanelDetails-root makeStyles-expansionPanelDetails"
            >
              <div>
                <p
                  class="MuiTypography-root makeStyles-fieldName MuiTypography-body2"
                >
                  unmapped
                </p>
                <p
                  class="MuiTypography-root makeStyles-fieldValue MuiTypography-body1"
                >
                  false
                </p>
              </div>
              <div>
                <p
                  class="MuiTypography-root makeStyles-fieldName MuiTypography-body2"
                >
                  qc_failed
                </p>
                <p
                  class="MuiTypography-root makeStyles-fieldValue MuiTypography-body1"
                >
                  false
                </p>
              </div>
              <div>
                <p
                  class="MuiTypography-root makeStyles-fieldName MuiTypography-body2"
                >
                  duplicate
                </p>
                <p
                  class="MuiTypography-root makeStyles-fieldValue MuiTypography-body1"
                >
                  false
                </p>
              </div>
              <div>
                <p
                  class="MuiTypography-root makeStyles-fieldName MuiTypography-body2"
                >
                  secondary_alignment
                </p>
                <p
                  class="MuiTypography-root makeStyles-fieldValue MuiTypography-body1"
                >
                  false
                </p>
              </div>
              <div>
                <p
                  class="MuiTypography-root makeStyles-fieldName MuiTypography-body2"
                >
                  supplementary_alignment
                </p>
                <p
                  class="MuiTypography-root makeStyles-fieldValue MuiTypography-body1"
                >
                  false
                </p>
              </div>
            </div>
          </div>
        </div>
      </div>
    </div>
  </div>
</div>
`;
