// Jest Snapshot v1, https://goo.gl/fbAQLP

exports[`Root MST model adds track and connection configs to a dataset 1`] = `
Object {
  "assembly": Object {
    "aliases": Array [
      "assemblyA",
    ],
    "configId": Any<String>,
    "name": "assembly1",
  },
  "configId": Any<String>,
  "name": "dataset1",
}
`;

exports[`Root MST model adds track and connection configs to a dataset 2`] = `
Object {
  "adapter": Object {
    "bamLocation": Object {
      "base": "http://localhost/path/to/my.bam",
      "uri": "/path/to/my.bam",
    },
    "configId": Any<String>,
    "index": Object {
      "configId": Any<String>,
      "location": Object {
        "base": "http://localhost/path/to/my.bam.bai",
        "uri": "/path/to/my.bam.bai",
      },
    },
    "type": "BamAdapter",
  },
  "configId": Any<String>,
  "renderer": Object {
    "configId": Any<String>,
    "type": "PileupRenderer",
  },
  "type": "BasicTrack",
}
`;

exports[`Root MST model adds track and connection configs to a dataset 3`] = `
Object {
  "configId": Any<String>,
  "dataDirLocation": Object {
    "base": "http://mysite.com/jbrowse/data/",
    "uri": "http://mysite.com/jbrowse/data/",
  },
  "type": "JBrowse1Connection",
}
`;

exports[`Root MST model creates with defaults 1`] = `
Object {
  "configId": Any<String>,
  "rpc": Object {
    "configId": Any<String>,
    "defaultDriver": "MainThreadRpcDriver",
  },
}
`;
